[uomo-html.flexkitux.com/Demo5/index.html]
[backblue.gif]
[fade.gif]
[index.html]
[uomo-html.flexkitux.com/images/logo.png]
[uomo-html.flexkitux.com/Demo5/shop1.html]
[uomo-html.flexkitux.com/Demo5/shop2.html]
[uomo-html.flexkitux.com/Demo5/shop3.html]
[uomo-html.flexkitux.com/Demo5/shop4.html]
[uomo-html.flexkitux.com/Demo5/shop5.html]
[uomo-html.flexkitux.com/Demo5/shop6.html]
[uomo-html.flexkitux.com/Demo5/shop7.html]
[uomo-html.flexkitux.com/Demo5/shop8.html]
[uomo-html.flexkitux.com/Demo5/shop9.html]
[uomo-html.flexkitux.com/Demo5/shop10.html]
[uomo-html.flexkitux.com/Demo5/shop11.html]
[uomo-html.flexkitux.com/Demo5/product2_variable.html]
[uomo-html.flexkitux.com/Demo5/product8_v3.html]
[uomo-html.flexkitux.com/Demo5/product7_v2.html]
[uomo-html.flexkitux.com/Demo5/product9_v4.html]
[uomo-html.flexkitux.com/Demo5/product10_v5.html]
[uomo-html.flexkitux.com/Demo5/product11_v6.html]
[uomo-html.flexkitux.com/Demo5/product12_v7.html]
[uomo-html.flexkitux.com/Demo5/product13_v8.html]
[uomo-html.flexkitux.com/Demo5/product14_v9.html]
[uomo-html.flexkitux.com/Demo5/product15_v10.html]
[uomo-html.flexkitux.com/Demo5/product16_v11.html]
[uomo-html.flexkitux.com/Demo5/shop12.html]
[uomo-html.flexkitux.com/Demo5/product1_simple.html]
[uomo-html.flexkitux.com/Demo5/product3_external.html]
[uomo-html.flexkitux.com/Demo5/product4_grouped.html]
[uomo-html.flexkitux.com/Demo5/product5_onsale.html]
[uomo-html.flexkitux.com/Demo5/product6_outofstock.html]
[uomo-html.flexkitux.com/Demo5/shop_cart.html]
[uomo-html.flexkitux.com/Demo5/shop_checkout.html]
[uomo-html.flexkitux.com/Demo5/shop_order_complete.html]
[uomo-html.flexkitux.com/Demo5/shop_order_tracking.html]
[uomo-html.flexkitux.com/Demo5/blog_list1.html]
[uomo-html.flexkitux.com/Demo5/blog_list2.html]
[uomo-html.flexkitux.com/Demo5/blog_list3.html]
[uomo-html.flexkitux.com/Demo5/blog_single.html]
[uomo-html.flexkitux.com/Demo5/account_dashboard.html]
[uomo-html.flexkitux.com/Demo5/login_register.html]
[uomo-html.flexkitux.com/Demo5/lookbook.html]
[uomo-html.flexkitux.com/Demo5/store_location.html]
[uomo-html.flexkitux.com/Demo5/faq.html]
[uomo-html.flexkitux.com/Demo5/terms.html]
[uomo-html.flexkitux.com/Demo5/404.html]
[uomo-html.flexkitux.com/Demo5/coming_soon.html]
[uomo-html.flexkitux.com/Demo5/about.html]
[uomo-html.flexkitux.com/Demo5/contact.html]
[uomo-html.flexkitux.com/images/logo-white.png]
[uomo-html.flexkitux.com/Demo5/account_wishlist.html]
[uomo-html.flexkitux.com/images/home/demo5/slider1.jpg]
[uomo-html.flexkitux.com/images/home/demo5/slider2.jpg]
[uomo-html.flexkitux.com/images/home/demo5/category_1.png]
[uomo-html.flexkitux.com/images/home/demo5/category_2.png]
[uomo-html.flexkitux.com/images/home/demo5/category_3.png]
[uomo-html.flexkitux.com/images/home/demo5/category_4.png]
[uomo-html.flexkitux.com/images/home/demo5/category_5.png]
[uomo-html.flexkitux.com/images/home/demo5/category_6.png]
[uomo-html.flexkitux.com/images/home/demo5/category_7.png]
[uomo-html.flexkitux.com/images/home/demo5/category_8.png]
[uomo-html.flexkitux.com/images/home/demo5/product-0-1.jpg]
[uomo-html.flexkitux.com/images/home/demo5/product-1-1.jpg]
[uomo-html.flexkitux.com/images/home/demo5/product-2-1.jpg]
[uomo-html.flexkitux.com/images/home/demo5/product-3-1.jpg]
[uomo-html.flexkitux.com/images/home/demo5/product-4-1.jpg]
[uomo-html.flexkitux.com/images/home/demo5/lookbook-1.jpg]
[uomo-html.flexkitux.com/images/home/demo5/lookbook-2.jpg]
[uomo-html.flexkitux.com/images/home/demo5/lookbook-3.jpg]
[uomo-html.flexkitux.com/images/home/demo5/lookbook-4.jpg]
[uomo-html.flexkitux.com/images/home/demo5/product-5-1.jpg]
[uomo-html.flexkitux.com/images/home/demo5/product-6-1.jpg]
[uomo-html.flexkitux.com/images/home/demo5/product-7-1.jpg]
[uomo-html.flexkitux.com/images/home/demo5/product-8-1.jpg]
[uomo-html.flexkitux.com/images/home/demo5/deal_bg.jpg]
[uomo-html.flexkitux.com/images/home/demo5/product-10-1.jpg]
[uomo-html.flexkitux.com/images/home/demo5/product-11-1.jpg]
[uomo-html.flexkitux.com/images/home/demo5/product-12-1.jpg]
[uomo-html.flexkitux.com/images/home/demo5/product-13-1.jpg]
[uomo-html.flexkitux.com/images/home/demo2/post1.jpg]
[uomo-html.flexkitux.com/images/home/demo2/post2.jpg]
[uomo-html.flexkitux.com/images/home/demo2/post3.jpg]
[uomo-html.flexkitux.com/Demo5/reset_password.html]
[uomo-html.flexkitux.com/images/cart-item-1.jpg]
[uomo-html.flexkitux.com/images/cart-item-2.jpg]
[uomo-html.flexkitux.com/images/cart-item-3.jpg]
[uomo-html.flexkitux.com/images/nav-bg.jpg]
[uomo-html.flexkitux.com/images/products/quickview_1.jpg]
[uomo-html.flexkitux.com/images/products/quickview_2.jpg]
[uomo-html.flexkitux.com/images/products/quickview_3.jpg]
[uomo-html.flexkitux.com/images/products/quickview_4.jpg]
[uomo-html.flexkitux.com/Demo5/js/details-disclosure.js]
[uomo-html.flexkitux.com/Demo5/js/share.js]
[uomo-html.flexkitux.com/images/newsletter-popup.jpg]
[uomo-html.flexkitux.com/Demo5/js/plugins/jquery.min.js]
[uomo-html.flexkitux.com/Demo5/js/plugins/bootstrap.bundle.min.js]
[uomo-html.flexkitux.com/Demo5/js/plugins/bootstrap-slider.min.js]
[uomo-html.flexkitux.com/Demo5/js/plugins/swiper.min.js]
[uomo-html.flexkitux.com/Demo5/js/plugins/countdown.js]
[uomo-html.flexkitux.com/Demo5/js/theme.js]
[uomo-html.flexkitux.com/Demo5/index.html]
[uomo-html.flexkitux.com/Demo5/css/plugins/swiper.min.css]
[uomo-html.flexkitux.com/Demo5/fonts/SofiaProBold.woff]
[uomo-html.flexkitux.com/images/home/demo3/slider_bg.jpg]
[uomo-html.flexkitux.com/images/home/demo10/slider_bg.png]
[uomo-html.flexkitux.com/images/pattern_bg.png]
[uomo-html.flexkitux.com/Demo5/css/style.css]
[uomo-html.flexkitux.com/images/mega-menu-item.jpg]
[uomo-html.flexkitux.com/images/shop/shop_banner_character1.png]
[uomo-html.flexkitux.com/images/products/product_1.jpg]
[uomo-html.flexkitux.com/images/products/product_1-1.jpg]
[uomo-html.flexkitux.com/images/products/product_2.jpg]
[uomo-html.flexkitux.com/images/products/product_2-1.jpg]
[uomo-html.flexkitux.com/images/products/product_3.jpg]
[uomo-html.flexkitux.com/images/products/product_3-1.jpg]
[uomo-html.flexkitux.com/images/products/product_4.jpg]
[uomo-html.flexkitux.com/images/products/product_4-1.jpg]
[uomo-html.flexkitux.com/images/products/product_5.jpg]
[uomo-html.flexkitux.com/images/products/product_5-1.jpg]
[uomo-html.flexkitux.com/images/products/product_6.jpg]
[uomo-html.flexkitux.com/images/products/product_6-1.jpg]
[uomo-html.flexkitux.com/images/products/product_7.jpg]
[uomo-html.flexkitux.com/images/products/product_7-1.jpg]
[uomo-html.flexkitux.com/images/products/product_8.jpg]
[uomo-html.flexkitux.com/images/products/product_8-1.jpg]
[uomo-html.flexkitux.com/images/products/product_9.jpg]
[uomo-html.flexkitux.com/images/products/product_9-1.jpg]
[uomo-html.flexkitux.com/images/products/product_10.jpg]
[uomo-html.flexkitux.com/images/products/product_10-1.jpg]
[uomo-html.flexkitux.com/images/products/product_11.jpg]
[uomo-html.flexkitux.com/images/products/product_11-1.jpg]
[uomo-html.flexkitux.com/images/products/product_12.jpg]
[uomo-html.flexkitux.com/images/products/product_12-1.jpg]
[uomo-html.flexkitux.com/images/products/product_13.jpg]
[uomo-html.flexkitux.com/images/products/product_13-1.jpg]
[uomo-html.flexkitux.com/images/products/product_14.jpg]
[uomo-html.flexkitux.com/images/products/product_14-1.jpg]
[uomo-html.flexkitux.com/images/products/product_15.jpg]
[uomo-html.flexkitux.com/images/products/product_15-1.jpg]
[uomo-html.flexkitux.com/images/products/product_16.jpg]
[uomo-html.flexkitux.com/images/products/product_16-1.jpg]
[uomo-html.flexkitux.com/images/payment-options.png]
[uomo-html.flexkitux.com/Demo5/shop1.html]
[uomo-html.flexkitux.com/images/shop/shop_banner_2.png]
[uomo-html.flexkitux.com/Demo5/shop2.html]
[uomo-html.flexkitux.com/images/shop/shop_banner3.jpg]
[uomo-html.flexkitux.com/Demo5/shop3.html]
[uomo-html.flexkitux.com/images/slideshow-character1.png]
[uomo-html.flexkitux.com/images/slideshow-character2.png]
[uomo-html.flexkitux.com/Demo5/shop4.html]
[uomo-html.flexkitux.com/images/products/product-17-1.jpg]
[uomo-html.flexkitux.com/images/products/product-17-2.jpg]
[uomo-html.flexkitux.com/images/products/product-18-1.jpg]
[uomo-html.flexkitux.com/images/products/product-19-1.jpg]
[uomo-html.flexkitux.com/images/products/product-19-2.jpg]
[uomo-html.flexkitux.com/images/products/product-19-3.jpg]
[uomo-html.flexkitux.com/images/products/product-20-1.jpg]
[uomo-html.flexkitux.com/images/products/product-20-2.jpg]
[uomo-html.flexkitux.com/images/products/product-21-1.jpg]
[uomo-html.flexkitux.com/images/products/product-21-2.jpg]
[uomo-html.flexkitux.com/images/products/product-22-1.jpg]
[uomo-html.flexkitux.com/images/products/product-22-2.jpg]
[uomo-html.flexkitux.com/images/products/product-22-3.jpg]
[uomo-html.flexkitux.com/Demo5/shop5.html]
[uomo-html.flexkitux.com/images/shop/shop_banner6.jpg]
[uomo-html.flexkitux.com/Demo5/shop6.html]
[uomo-html.flexkitux.com/Demo5/shop7.html]
[uomo-html.flexkitux.com/images/shop/category-item1.png]
[uomo-html.flexkitux.com/images/shop/category-item2.png]
[uomo-html.flexkitux.com/images/shop/category-item3.png]
[uomo-html.flexkitux.com/images/shop/category-item4.png]
[uomo-html.flexkitux.com/images/shop/category-item5.png]
[uomo-html.flexkitux.com/images/shop/category-item6.png]
[uomo-html.flexkitux.com/images/shop/category-item7.png]
[uomo-html.flexkitux.com/images/shop/category-item8.png]
[uomo-html.flexkitux.com/Demo5/shop8.html]
[uomo-html.flexkitux.com/images/shop/shop_banner8.png]
[uomo-html.flexkitux.com/images/products/product-23-1.jpg]
[uomo-html.flexkitux.com/images/products/product-24-1.jpg]
[uomo-html.flexkitux.com/images/products/product-25-1.jpg]
[uomo-html.flexkitux.com/Demo5/shop9.html]
[uomo-html.flexkitux.com/images/products/product-26-1.jpg]
[uomo-html.flexkitux.com/images/products/product-26-2.jpg]
[uomo-html.flexkitux.com/images/products/product-27-1.jpg]
[uomo-html.flexkitux.com/images/products/product-27-2.jpg]
[uomo-html.flexkitux.com/images/products/product-28-1.jpg]
[uomo-html.flexkitux.com/images/products/product-28-2.jpg]
[uomo-html.flexkitux.com/images/products/product-29-1.jpg]
[uomo-html.flexkitux.com/images/products/product-29-2.jpg]
[uomo-html.flexkitux.com/images/products/product-30-1.jpg]
[uomo-html.flexkitux.com/images/products/product-31-1.jpg]
[uomo-html.flexkitux.com/images/products/product-32-1.jpg]
[uomo-html.flexkitux.com/images/products/product-33-1.jpg]
[uomo-html.flexkitux.com/images/products/product-37-1.jpg]
[uomo-html.flexkitux.com/images/products/product-35-1.jpg]
[uomo-html.flexkitux.com/images/products/product-36-1.jpg]
[uomo-html.flexkitux.com/images/products/product-38-1.jpg]
[uomo-html.flexkitux.com/images/products/product-39-1.jpg]
[uomo-html.flexkitux.com/images/products/product-40-1.jpg]
[uomo-html.flexkitux.com/images/products/product-41-1.jpg]
[uomo-html.flexkitux.com/images/products/product-42-1.jpg]
[uomo-html.flexkitux.com/images/products/product-43.png]
[uomo-html.flexkitux.com/images/products/product-44.png]
[uomo-html.flexkitux.com/images/products/product-45.png]
[uomo-html.flexkitux.com/images/products/product-46.png]
[uomo-html.flexkitux.com/Demo5/shop10.html]
[uomo-html.flexkitux.com/Demo5/shop11.html]
[uomo-html.flexkitux.com/images/products/product_0.jpg]
[uomo-html.flexkitux.com/images/products/product_0-1.jpg]
[uomo-html.flexkitux.com/images/products/product_0-2.jpg]
[uomo-html.flexkitux.com/images/products/product_0-3.jpg]
[uomo-html.flexkitux.com/images/avatar.jpg]
[uomo-html.flexkitux.com/images/size-guide.jpg]
[uomo-html.flexkitux.com/Demo5/js/plugins/jquery.fancybox.js]
[uomo-html.flexkitux.com/Demo5/product2_variable.html]
[uomo-html.flexkitux.com/Demo5/product7_v2.html]
[uomo-html.flexkitux.com/images/products/product_0-4.png]
[uomo-html.flexkitux.com/Demo5/product8_v3.html]
[uomo-html.flexkitux.com/images/products/product_0-5.jpg]
[uomo-html.flexkitux.com/images/products/product_0-6.jpg]
[uomo-html.flexkitux.com/images/products/product_0-7.jpg]
[uomo-html.flexkitux.com/images/products/product_0-8.jpg]
[uomo-html.flexkitux.com/Demo5/product9_v4.html]
[uomo-html.flexkitux.com/Demo5/product10_v5.html]
[uomo-html.flexkitux.com/Demo5/product11_v6.html]
[uomo-html.flexkitux.com/images/products/product_0-9.jpg]
[uomo-html.flexkitux.com/images/products/product_0-10.jpg]
[uomo-html.flexkitux.com/images/products/product_0-11.jpg]
[uomo-html.flexkitux.com/images/products/product_0-12.jpg]
[uomo-html.flexkitux.com/images/products/product_0-13.jpg]
[uomo-html.flexkitux.com/Demo5/product12_v7.html]
[uomo-html.flexkitux.com/Demo5/product13_v8.html]
[uomo-html.flexkitux.com/Demo5/product14_v9.html]
[uomo-html.flexkitux.com/Demo5/product15_v10.html]
[uomo-html.flexkitux.com/images/products/swatch_0.jpg]
[uomo-html.flexkitux.com/images/products/swatch_1.jpg]
[uomo-html.flexkitux.com/images/products/swatch_2.jpg]
[uomo-html.flexkitux.com/Demo5/product16_v11.html]
[uomo-html.flexkitux.com/images/slideshow-pattern.png]
[uomo-html.flexkitux.com/images/collection_grid_1.jpg]
[uomo-html.flexkitux.com/images/collection_grid_2.jpg]
[uomo-html.flexkitux.com/images/collection_grid_3.jpg]
[uomo-html.flexkitux.com/Demo5/shop12.html]
[uomo-html.flexkitux.com/Demo5/product1_simple.html]
[uomo-html.flexkitux.com/Demo5/product3_external.html]
[uomo-html.flexkitux.com/Demo5/product4_grouped.html]
[uomo-html.flexkitux.com/Demo5/product5_onsale.html]
[uomo-html.flexkitux.com/Demo5/product6_outofstock.html]
[uomo-html.flexkitux.com/Demo5/shop_cart.html]
[uomo-html.flexkitux.com/Demo5/shop_checkout.html]
[uomo-html.flexkitux.com/Demo5/shop_order_complete.html]
[uomo-html.flexkitux.com/Demo5/shop_order_tracking.html]
[uomo-html.flexkitux.com/images/blog_title_bg.jpg]
[uomo-html.flexkitux.com/images/blog/blog-1.jpg]
[uomo-html.flexkitux.com/images/blog/blog-2.jpg]
[uomo-html.flexkitux.com/images/blog/blog-3.jpg]
[uomo-html.flexkitux.com/images/blog/blog-4.jpg]
[uomo-html.flexkitux.com/Demo5/blog_list1.html]
[uomo-html.flexkitux.com/images/blog/blog-5.jpg]
[uomo-html.flexkitux.com/images/blog/blog-6.jpg]
[uomo-html.flexkitux.com/images/blog/blog-7.jpg]
[uomo-html.flexkitux.com/images/blog/blog-8.jpg]
[uomo-html.flexkitux.com/images/blog/blog-9.jpg]
[uomo-html.flexkitux.com/images/blog/blog-10.jpg]
[uomo-html.flexkitux.com/Demo5/blog_list2.html]
[uomo-html.flexkitux.com/images/blog/blog-11.jpg]
[uomo-html.flexkitux.com/images/blog/blog-12.jpg]
[uomo-html.flexkitux.com/images/blog/blog-13.jpg]
[uomo-html.flexkitux.com/Demo5/blog_list3.html]
[uomo-html.flexkitux.com/images/blog/blog-14.jpg]
[uomo-html.flexkitux.com/images/blog/blog-15.jpg]
[uomo-html.flexkitux.com/images/blog/blog-16.jpg]
[uomo-html.flexkitux.com/Demo5/blog_single.html]
[uomo-html.flexkitux.com/Demo5/account_orders.html]
[uomo-html.flexkitux.com/Demo5/account_edit_address.html]
[uomo-html.flexkitux.com/Demo5/account_dashboard.html]
[uomo-html.flexkitux.com/Demo5/login_register.html]
[uomo-html.flexkitux.com/Demo5/account_edit.html]
[uomo-html.flexkitux.com/Demo5/js/googlemap-setting.js]
[uomo-html.flexkitux.com/Demo5/store_location.html]
[uomo-html.flexkitux.com/images/lookbook/lookbook-1.jpg]
[uomo-html.flexkitux.com/images/lookbook/lookbook-2.jpg]
[uomo-html.flexkitux.com/images/lookbook/lookbook-3.jpg]
[uomo-html.flexkitux.com/images/lookbook/lookbook-4.jpg]
[uomo-html.flexkitux.com/images/lookbook/lookbook-5.jpg]
[uomo-html.flexkitux.com/images/lookbook/lookbook-6.jpg]
[uomo-html.flexkitux.com/Demo5/lookbook.html]
[uomo-html.flexkitux.com/Demo5/faq.html]
[uomo-html.flexkitux.com/Demo5/terms.html]
[uomo-html.flexkitux.com/Demo5/404.html]
[uomo-html.flexkitux.com/Demo5/coming_soon.html]
[uomo-html.flexkitux.com/images/about/about-1.jpg]
[uomo-html.flexkitux.com/images/about/about-2.jpg]
[uomo-html.flexkitux.com/images/brands/brand1.png]
[uomo-html.flexkitux.com/images/brands/brand2.png]
[uomo-html.flexkitux.com/images/brands/brand3.png]
[uomo-html.flexkitux.com/images/brands/brand4.png]
[uomo-html.flexkitux.com/images/brands/brand5.png]
[uomo-html.flexkitux.com/images/brands/brand6.png]
[uomo-html.flexkitux.com/images/brands/brand7.png]
[uomo-html.flexkitux.com/Demo5/about.html]
[uomo-html.flexkitux.com/Demo5/contact.html]
[uomo-html.flexkitux.com/Demo5/account_wishlist.html]
[uomo-html.flexkitux.com/Demo5/reset_password.html]
[uomo-html.flexkitux.com/Demo5/css/plugins/jquery.fancybox.css]
[pinterest.com/pin/create/button/indexa879.html]
[uomo-html.flexkitux.com/Demo5/account_orders.html]
[uomo-html.flexkitux.com/Demo5/account_edit_address.html]
[uomo-html.flexkitux.com/Demo5/account_edit.html]
[uomo-html.flexkitux.com/Demo5/css/plugins/Flaticon.eot]
[uomo-html.flexkitux.com/Demo5/css/plugins/Flaticond41d.eot]
[uomo-html.flexkitux.com/Demo5/css/plugins/Flaticon.woff2]
[uomo-html.flexkitux.com/Demo5/css/plugins/Flaticon.woff]
[uomo-html.flexkitux.com/Demo5/css/plugins/Flaticon.ttf]
[uomo-html.flexkitux.com/Demo5/css/plugins/flaticon.css]
[pinterest.com/pin/create/button/indexefca.html]
[uomo-html.flexkitux.com/Demo5/css/plugins/Flaticon.svg]
